// Jest Snapshot v1, https://goo.gl/fbAQLP

exports[`show show the expense dashboard page 1`] = `
<div>
  <React.Memo />
  <React.Memo />
  <React.Memo />
</div>
`;
