// Jest Snapshot v1, https://goo.gl/fbAQLP

exports[`should render expenses summary with expenses 1`] = `
<div>
  Viewing 
  3
   
  expenses
   totalling 
  $1,141.95
</div>
`;
